[INFO] Scanning for projects...
[INFO] 
[INFO] --------------< com.apitesting.demo:api-test-automation >---------------
[INFO] Building API Testing Automation Demo 1.0.0
[INFO] --------------------------------[ jar ]---------------------------------
[INFO] 
[INFO] --- maven-clean-plugin:2.5:clean (default-clean) @ api-test-automation ---
[INFO] Deleting D:\EC-Demo-Automation\WP\API-test-demo\target
[INFO] 
[INFO] --- maven-resources-plugin:2.6:resources (default-resources) @ api-test-automation ---
[INFO] Using 'UTF-8' encoding to copy filtered resources.
[INFO] skip non existing resourceDirectory D:\EC-Demo-Automation\WP\API-test-demo\src\main\resources
[INFO] 
[INFO] --- maven-compiler-plugin:3.11.0:compile (default-compile) @ api-test-automation ---
[INFO] No sources to compile
[INFO] 
[INFO] --- maven-resources-plugin:2.6:testResources (default-testResources) @ api-test-automation ---
[INFO] Using 'UTF-8' encoding to copy filtered resources.
[INFO] Copying 4 resources
[INFO] 
[INFO] --- maven-compiler-plugin:3.11.0:testCompile (default-testCompile) @ api-test-automation ---
[INFO] Changes detected - recompiling the module! :source
[INFO] Compiling 10 source files with javac [debug target 11] to target\test-classes
[WARNING] system modules path not set in conjunction with -source 11
[INFO] ------------------------------------------------------------------------
[INFO] BUILD SUCCESS
[INFO] ------------------------------------------------------------------------
[INFO] Total time:  1.959 s
[INFO] Finished at: 2026-06-16T11:48:53+06:00
[INFO] ------------------------------------------------------------------------
